Command: /fetools/work_area/frontend/Batch_11/jonathanezekiels/AXI_UVM_Verification/src/./simv -cm line+cond+fsm+tgl+branch+assert +UVM_TESTNAME=axi4_lite_sanity_test +UVM_VERBOSITY=UVM_HIGH -cm_name sanity_run -l sim.log
Chronologic VCS simulator copyright 1991-2020
Contains Synopsys proprietary information.
Compiler version Q-2020.03-SP2-8_Full64; Runtime version Q-2020.03-SP2-8_Full64;  Sep 15 12:35 2026
----------------------------------------------------------------
UVM-1.1d.Synopsys
(C) 2007-2013 Mentor Graphics Corporation
(C) 2007-2013 Cadence Design Systems, Inc.
(C) 2006-2013 Synopsys, Inc.
(C) 2011-2013 Cypress Semiconductor Corp.
----------------------------------------------------------------

  ***********       IMPORTANT RELEASE NOTES         ************

  You are using a version of the UVM library that has been compiled
  with `UVM_NO_DEPRECATED undefined.
  See http://www.eda.org/svdb/view.php?id=3313 for more details.

  You are using a version of the UVM library that has been compiled
  with `UVM_OBJECT_MUST_HAVE_CONSTRUCTOR undefined.
  See http://www.eda.org/svdb/view.php?id=3770 for more details.

      (Specify +UVM_NO_RELNOTES to turn off this notice)

UVM_INFO @ 0: reporter [RNTST] Running test axi4_lite_sanity_test...
UVM_INFO axi4_lite_sanity_test.sv(24) @ 0: uvm_test_top [BASE_TEST] Printing UVM Topology:
UVM_INFO @ 0: reporter [UVMTOP] UVM testbench topology:
--------------------------------------------------------------
Name                       Type                    Size  Value
--------------------------------------------------------------
uvm_test_top               axi4_lite_sanity_test   -     @462 
  env                      axi4_lite_environment   -     @476 
    agt                    axi4_lite_agent         -     @489 
      ap                   uvm_analysis_port       -     @673 
      drv                  axi4_lite_driver        -     @682 
        rd_seq_item_port   uvm_seq_item_pull_port  -     @717 
        rsp_port           uvm_analysis_port       -     @699 
        seq_item_port      uvm_seq_item_pull_port  -     @690 
        wr_seq_item_port   uvm_seq_item_pull_port  -     @708 
      mon                  axi4_lite_monitor       -     @656 
        mon_port           uvm_analysis_port       -     @664 
      sqr_rd               axi4_lite_sequencer     -     @726 
        rsp_export         uvm_analysis_export     -     @734 
        seq_item_export    uvm_seq_item_pull_imp   -     @840 
        arbitration_queue  array                   0     -    
        lock_queue         array                   0     -    
        num_last_reqs      integral                32    'd1  
        num_last_rsps      integral                32    'd1  
      sqr_wr               axi4_lite_sequencer     -     @849 
        rsp_export         uvm_analysis_export     -     @857 
        seq_item_export    uvm_seq_item_pull_imp   -     @963 
        arbitration_queue  array                   0     -    
        lock_queue         array                   0     -    
        num_last_reqs      integral                32    'd1  
        num_last_rsps      integral                32    'd1  
    scb                    axi4_lite_scoreboard    -     @497 
      ap_imp               uvm_analysis_imp        -     @505 
    sub                    axi4_lite_subscriber    -     @514 
      analysis_imp         uvm_analysis_imp        -     @522 
    vsqr                   axi4_lite_vsqr          -     @531 
      rsp_export           uvm_analysis_export     -     @539 
      seq_item_export      uvm_seq_item_pull_imp   -     @645 
      arbitration_queue    array                   0     -    
      lock_queue           array                   0     -    
      num_last_reqs        integral                32    'd1  
      num_last_rsps        integral                32    'd1  
--------------------------------------------------------------

UVM_INFO axi4_lite_sanity_vseq.sv(13) @ 0: uvm_test_top.env.vsqr@@vseq [VSEQ] Starting Sanity Sequence...
UVM_INFO top.sv(69) @ 25000: reporter [TOP] Initial Reset Released
UVM_INFO axi4_lite_monitor.sv(92) @ 95000: uvm_test_top.env.agt.mon [MON_WRITE] Captured: [WRITE] AW[A:'h1c P:'b101 V:1 R:1] W[D:'hc59b3340 S:'b1111 V:1 R:1] B[Rsp:'b0 V:1 R:1] | AR[A:'hxxxxxxxx P:'bxxx V:x R:x] R[D:'hxxxxxxxx Rsp:'bxx V:x R:x]
UVM_INFO axi4_lite_monitor.sv(92) @ 175000: uvm_test_top.env.agt.mon [MON_WRITE] Captured: [WRITE] AW[A:'h24 P:'b10 V:1 R:1] W[D:'h4bdf2329 S:'b1111 V:1 R:1] B[Rsp:'b0 V:1 R:1] | AR[A:'hxxxxxxxx P:'bxxx V:x R:x] R[D:'hxxxxxxxx Rsp:'bxx V:x R:x]
UVM_INFO axi4_lite_monitor.sv(92) @ 255000: uvm_test_top.env.agt.mon [MON_WRITE] Captured: [WRITE] AW[A:'h0 P:'b101 V:1 R:1] W[D:'hf229ce61 S:'b1111 V:1 R:1] B[Rsp:'b0 V:1 R:1] | AR[A:'hxxxxxxxx P:'bxxx V:x R:x] R[D:'hxxxxxxxx Rsp:'bxx V:x R:x]
UVM_INFO axi4_lite_monitor.sv(92) @ 335000: uvm_test_top.env.agt.mon [MON_WRITE] Captured: [WRITE] AW[A:'h10 P:'b111 V:1 R:1] W[D:'h1afb9f32 S:'b1111 V:1 R:1] B[Rsp:'b0 V:1 R:1] | AR[A:'hxxxxxxxx P:'bxxx V:x R:x] R[D:'hxxxxxxxx Rsp:'bxx V:x R:x]
UVM_INFO axi4_lite_monitor.sv(92) @ 415000: uvm_test_top.env.agt.mon [MON_WRITE] Captured: [WRITE] AW[A:'h0 P:'b110 V:1 R:1] W[D:'hbeaccd2e S:'b1111 V:1 R:1] B[Rsp:'b0 V:1 R:1] | AR[A:'hxxxxxxxx P:'bxxx V:x R:x] R[D:'hxxxxxxxx Rsp:'bxx V:x R:x]
UVM_INFO axi4_lite_monitor.sv(92) @ 495000: uvm_test_top.env.agt.mon [MON_WRITE] Captured: [WRITE] AW[A:'h4 P:'b101 V:1 R:1] W[D:'hfb55d356 S:'b1111 V:1 R:1] B[Rsp:'b0 V:1 R:1] | AR[A:'hxxxxxxxx P:'bxxx V:x R:x] R[D:'hxxxxxxxx Rsp:'bxx V:x R:x]
UVM_INFO axi4_lite_monitor.sv(92) @ 575000: uvm_test_top.env.agt.mon [MON_WRITE] Captured: [WRITE] AW[A:'h4 P:'b1 V:1 R:1] W[D:'h2dbd0e31 S:'b1111 V:1 R:1] B[Rsp:'b0 V:1 R:1] | AR[A:'hxxxxxxxx P:'bxxx V:x R:x] R[D:'hxxxxxxxx Rsp:'bxx V:x R:x]
UVM_INFO axi4_lite_monitor.sv(92) @ 655000: uvm_test_top.env.agt.mon [MON_WRITE] Captured: [WRITE] AW[A:'h24 P:'b0 V:1 R:1] W[D:'h7a3254d8 S:'b1111 V:1 R:1] B[Rsp:'b0 V:1 R:1] | AR[A:'hxxxxxxxx P:'bxxx V:x R:x] R[D:'hxxxxxxxx Rsp:'bxx V:x R:x]
UVM_INFO axi4_lite_monitor.sv(92) @ 735000: uvm_test_top.env.agt.mon [MON_WRITE] Captured: [WRITE] AW[A:'h1c P:'b0 V:1 R:1] W[D:'hbcc8c37a S:'b1111 V:1 R:1] B[Rsp:'b0 V:1 R:1] | AR[A:'hxxxxxxxx P:'bxxx V:x R:x] R[D:'hxxxxxxxx Rsp:'bxx V:x R:x]
UVM_INFO axi4_lite_monitor.sv(92) @ 815000: uvm_test_top.env.agt.mon [MON_WRITE] Captured: [WRITE] AW[A:'h14 P:'b10 V:1 R:1] W[D:'haacfa785 S:'b1111 V:1 R:1] B[Rsp:'b0 V:1 R:1] | AR[A:'hxxxxxxxx P:'bxxx V:x R:x] R[D:'hxxxxxxxx Rsp:'bxx V:x R:x]
UVM_INFO axi4_lite_monitor.sv(92) @ 865000: uvm_test_top.env.agt.mon [MON_WRITE] Captured: [WRITE] AW[A:'h34 P:'b101 V:1 R:1] W[D:'he5b56e53 S:'b1010 V:1 R:1] B[Rsp:'b0 V:1 R:1] | AR[A:'hxxxxxxxx P:'bxxx V:x R:x] R[D:'hxxxxxxxx Rsp:'bxx V:x R:x]
UVM_INFO axi4_lite_monitor.sv(92) @ 915000: uvm_test_top.env.agt.mon [MON_WRITE] Captured: [WRITE] AW[A:'h1c P:'b100 V:1 R:1] W[D:'h8cb4bb2a S:'b101 V:1 R:1] B[Rsp:'b0 V:1 R:1] | AR[A:'hxxxxxxxx P:'bxxx V:x R:x] R[D:'hxxxxxxxx Rsp:'bxx V:x R:x]
UVM_INFO axi4_lite_monitor.sv(92) @ 965000: uvm_test_top.env.agt.mon [MON_WRITE] Captured: [WRITE] AW[A:'hc P:'b101 V:1 R:1] W[D:'h774cfec S:'b1010 V:1 R:1] B[Rsp:'b0 V:1 R:1] | AR[A:'hxxxxxxxx P:'bxxx V:x R:x] R[D:'hxxxxxxxx Rsp:'bxx V:x R:x]
UVM_INFO axi4_lite_monitor.sv(92) @ 1015000: uvm_test_top.env.agt.mon [MON_WRITE] Captured: [WRITE] AW[A:'hc P:'b1 V:1 R:1] W[D:'he2014d52 S:'b101 V:1 R:1] B[Rsp:'b0 V:1 R:1] | AR[A:'hxxxxxxxx P:'bxxx V:x R:x] R[D:'hxxxxxxxx Rsp:'bxx V:x R:x]
UVM_INFO axi4_lite_monitor.sv(92) @ 1065000: uvm_test_top.env.agt.mon [MON_WRITE] Captured: [WRITE] AW[A:'h0 P:'b110 V:1 R:1] W[D:'h50abccda S:'b101 V:1 R:1] B[Rsp:'b0 V:1 R:1] | AR[A:'hxxxxxxxx P:'bxxx V:x R:x] R[D:'hxxxxxxxx Rsp:'bxx V:x R:x]
UVM_INFO axi4_lite_monitor.sv(92) @ 1115000: uvm_test_top.env.agt.mon [MON_WRITE] Captured: [WRITE] AW[A:'h8 P:'b111 V:1 R:1] W[D:'h5f874eea S:'b101 V:1 R:1] B[Rsp:'b0 V:1 R:1] | AR[A:'hxxxxxxxx P:'bxxx V:x R:x] R[D:'hxxxxxxxx Rsp:'bxx V:x R:x]
UVM_INFO axi4_lite_monitor.sv(92) @ 1165000: uvm_test_top.env.agt.mon [MON_WRITE] Captured: [WRITE] AW[A:'h18 P:'b10 V:1 R:1] W[D:'hd12bb686 S:'b1010 V:1 R:1] B[Rsp:'b0 V:1 R:1] | AR[A:'hxxxxxxxx P:'bxxx V:x R:x] R[D:'hxxxxxxxx Rsp:'bxx V:x R:x]
UVM_INFO axi4_lite_monitor.sv(92) @ 1215000: uvm_test_top.env.agt.mon [MON_WRITE] Captured: [WRITE] AW[A:'h8 P:'b10 V:1 R:1] W[D:'h9a310fe5 S:'b101 V:1 R:1] B[Rsp:'b0 V:1 R:1] | AR[A:'hxxxxxxxx P:'bxxx V:x R:x] R[D:'hxxxxxxxx Rsp:'bxx V:x R:x]
UVM_INFO axi4_lite_monitor.sv(92) @ 1265000: uvm_test_top.env.agt.mon [MON_WRITE] Captured: [WRITE] AW[A:'h24 P:'b110 V:1 R:1] W[D:'h8cb13a30 S:'b1010 V:1 R:1] B[Rsp:'b0 V:1 R:1] | AR[A:'hxxxxxxxx P:'bxxx V:x R:x] R[D:'hxxxxxxxx Rsp:'bxx V:x R:x]
UVM_INFO axi4_lite_monitor.sv(92) @ 1315000: uvm_test_top.env.agt.mon [MON_WRITE] Captured: [WRITE] AW[A:'h20 P:'b1 V:1 R:1] W[D:'ha83043d5 S:'b1010 V:1 R:1] B[Rsp:'b0 V:1 R:1] | AR[A:'hxxxxxxxx P:'bxxx V:x R:x] R[D:'hxxxxxxxx Rsp:'bxx V:x R:x]
UVM_INFO axi4_lite_monitor.sv(130) @ 1335000: uvm_test_top.env.agt.mon [MON_READ] Captured: [READ] AW[A:'hxxxxxxxx P:'bxxx V:x R:x] W[D:'hxxxxxxxx S:'bxxxx V:x R:x] B[Rsp:'bxx V:x R:x] | AR[A:'h1c P:'b101 V:x R:x] R[D:'hbcb4c32a Rsp:'b0 V:x R:x] 
UVM_INFO axi4_lite_scoreboard.sv(77) @ 1335000: uvm_test_top.env.scb [SCB_PASS] Data Match at Addr: 0000001c | Data: bcb4c32a
UVM_INFO axi4_lite_monitor.sv(130) @ 1365000: uvm_test_top.env.agt.mon [MON_READ] Captured: [READ] AW[A:'hxxxxxxxx P:'bxxx V:x R:x] W[D:'hxxxxxxxx S:'bxxxx V:x R:x] B[Rsp:'bxx V:x R:x] | AR[A:'h24 P:'b11 V:x R:x] R[D:'h8c323ad8 Rsp:'b0 V:x R:x] 
UVM_INFO axi4_lite_scoreboard.sv(77) @ 1365000: uvm_test_top.env.scb [SCB_PASS] Data Match at Addr: 00000024 | Data: 8c323ad8
UVM_INFO axi4_lite_monitor.sv(130) @ 1395000: uvm_test_top.env.agt.mon [MON_READ] Captured: [READ] AW[A:'hxxxxxxxx P:'bxxx V:x R:x] W[D:'hxxxxxxxx S:'bxxxx V:x R:x] B[Rsp:'bxx V:x R:x] | AR[A:'h0 P:'b11 V:x R:x] R[D:'hbeabcdda Rsp:'b0 V:x R:x] 
UVM_INFO axi4_lite_scoreboard.sv(77) @ 1395000: uvm_test_top.env.scb [SCB_PASS] Data Match at Addr: 00000000 | Data: beabcdda
UVM_INFO axi4_lite_monitor.sv(130) @ 1425000: uvm_test_top.env.agt.mon [MON_READ] Captured: [READ] AW[A:'hxxxxxxxx P:'bxxx V:x R:x] W[D:'hxxxxxxxx S:'bxxxx V:x R:x] B[Rsp:'bxx V:x R:x] | AR[A:'h10 P:'b1 V:x R:x] R[D:'h1afb9f32 Rsp:'b0 V:x R:x] 
UVM_INFO axi4_lite_scoreboard.sv(77) @ 1425000: uvm_test_top.env.scb [SCB_PASS] Data Match at Addr: 00000010 | Data: 1afb9f32
UVM_INFO axi4_lite_monitor.sv(130) @ 1455000: uvm_test_top.env.agt.mon [MON_READ] Captured: [READ] AW[A:'hxxxxxxxx P:'bxxx V:x R:x] W[D:'hxxxxxxxx S:'bxxxx V:x R:x] B[Rsp:'bxx V:x R:x] | AR[A:'h0 P:'b110 V:x R:x] R[D:'hbeabcdda Rsp:'b0 V:x R:x] 
UVM_INFO axi4_lite_scoreboard.sv(77) @ 1455000: uvm_test_top.env.scb [SCB_PASS] Data Match at Addr: 00000000 | Data: beabcdda
UVM_INFO axi4_lite_monitor.sv(130) @ 1485000: uvm_test_top.env.agt.mon [MON_READ] Captured: [READ] AW[A:'hxxxxxxxx P:'bxxx V:x R:x] W[D:'hxxxxxxxx S:'bxxxx V:x R:x] B[Rsp:'bxx V:x R:x] | AR[A:'h4 P:'b1 V:x R:x] R[D:'h2dbd0e31 Rsp:'b0 V:x R:x] 
UVM_INFO axi4_lite_scoreboard.sv(77) @ 1485000: uvm_test_top.env.scb [SCB_PASS] Data Match at Addr: 00000004 | Data: 2dbd0e31
UVM_INFO axi4_lite_monitor.sv(130) @ 1515000: uvm_test_top.env.agt.mon [MON_READ] Captured: [READ] AW[A:'hxxxxxxxx P:'bxxx V:x R:x] W[D:'hxxxxxxxx S:'bxxxx V:x R:x] B[Rsp:'bxx V:x R:x] | AR[A:'h4 P:'b100 V:x R:x] R[D:'h2dbd0e31 Rsp:'b0 V:x R:x] 
UVM_INFO axi4_lite_scoreboard.sv(77) @ 1515000: uvm_test_top.env.scb [SCB_PASS] Data Match at Addr: 00000004 | Data: 2dbd0e31
UVM_INFO axi4_lite_monitor.sv(130) @ 1545000: uvm_test_top.env.agt.mon [MON_READ] Captured: [READ] AW[A:'hxxxxxxxx P:'bxxx V:x R:x] W[D:'hxxxxxxxx S:'bxxxx V:x R:x] B[Rsp:'bxx V:x R:x] | AR[A:'h24 P:'b0 V:x R:x] R[D:'h8c323ad8 Rsp:'b0 V:x R:x] 
UVM_INFO axi4_lite_scoreboard.sv(77) @ 1545000: uvm_test_top.env.scb [SCB_PASS] Data Match at Addr: 00000024 | Data: 8c323ad8
UVM_INFO axi4_lite_monitor.sv(130) @ 1575000: uvm_test_top.env.agt.mon [MON_READ] Captured: [READ] AW[A:'hxxxxxxxx P:'bxxx V:x R:x] W[D:'hxxxxxxxx S:'bxxxx V:x R:x] B[Rsp:'bxx V:x R:x] | AR[A:'h1c P:'b100 V:x R:x] R[D:'hbcb4c32a Rsp:'b0 V:x R:x] 
UVM_INFO axi4_lite_scoreboard.sv(77) @ 1575000: uvm_test_top.env.scb [SCB_PASS] Data Match at Addr: 0000001c | Data: bcb4c32a
UVM_INFO axi4_lite_monitor.sv(130) @ 1605000: uvm_test_top.env.agt.mon [MON_READ] Captured: [READ] AW[A:'hxxxxxxxx P:'bxxx V:x R:x] W[D:'hxxxxxxxx S:'bxxxx V:x R:x] B[Rsp:'bxx V:x R:x] | AR[A:'h14 P:'b1 V:x R:x] R[D:'haacfa785 Rsp:'b0 V:x R:x] 
UVM_INFO axi4_lite_scoreboard.sv(77) @ 1605000: uvm_test_top.env.scb [SCB_PASS] Data Match at Addr: 00000014 | Data: aacfa785
UVM_INFO axi4_lite_monitor.sv(130) @ 1635000: uvm_test_top.env.agt.mon [MON_READ] Captured: [READ] AW[A:'hxxxxxxxx P:'bxxx V:x R:x] W[D:'hxxxxxxxx S:'bxxxx V:x R:x] B[Rsp:'bxx V:x R:x] | AR[A:'h34 P:'b1 V:x R:x] R[D:'h0 Rsp:'b10 V:x R:x] 
UVM_INFO axi4_lite_monitor.sv(130) @ 1665000: uvm_test_top.env.agt.mon [MON_READ] Captured: [READ] AW[A:'hxxxxxxxx P:'bxxx V:x R:x] W[D:'hxxxxxxxx S:'bxxxx V:x R:x] B[Rsp:'bxx V:x R:x] | AR[A:'h1c P:'b1 V:x R:x] R[D:'hbcb4c32a Rsp:'b0 V:x R:x] 
UVM_INFO axi4_lite_scoreboard.sv(77) @ 1665000: uvm_test_top.env.scb [SCB_PASS] Data Match at Addr: 0000001c | Data: bcb4c32a
UVM_INFO axi4_lite_monitor.sv(130) @ 1695000: uvm_test_top.env.agt.mon [MON_READ] Captured: [READ] AW[A:'hxxxxxxxx P:'bxxx V:x R:x] W[D:'hxxxxxxxx S:'bxxxx V:x R:x] B[Rsp:'bxx V:x R:x] | AR[A:'hc P:'b0 V:x R:x] R[D:'h701cf52 Rsp:'b0 V:x R:x] 
UVM_INFO axi4_lite_scoreboard.sv(77) @ 1695000: uvm_test_top.env.scb [SCB_PASS] Data Match at Addr: 0000000c | Data: 0701cf52
UVM_INFO axi4_lite_monitor.sv(130) @ 1725000: uvm_test_top.env.agt.mon [MON_READ] Captured: [READ] AW[A:'hxxxxxxxx P:'bxxx V:x R:x] W[D:'hxxxxxxxx S:'bxxxx V:x R:x] B[Rsp:'bxx V:x R:x] | AR[A:'hc P:'b10 V:x R:x] R[D:'h701cf52 Rsp:'b0 V:x R:x] 
UVM_INFO axi4_lite_scoreboard.sv(77) @ 1725000: uvm_test_top.env.scb [SCB_PASS] Data Match at Addr: 0000000c | Data: 0701cf52
UVM_INFO axi4_lite_monitor.sv(130) @ 1755000: uvm_test_top.env.agt.mon [MON_READ] Captured: [READ] AW[A:'hxxxxxxxx P:'bxxx V:x R:x] W[D:'hxxxxxxxx S:'bxxxx V:x R:x] B[Rsp:'bxx V:x R:x] | AR[A:'h0 P:'b111 V:x R:x] R[D:'hbeabcdda Rsp:'b0 V:x R:x] 
UVM_INFO axi4_lite_scoreboard.sv(77) @ 1755000: uvm_test_top.env.scb [SCB_PASS] Data Match at Addr: 00000000 | Data: beabcdda
UVM_INFO axi4_lite_monitor.sv(130) @ 1785000: uvm_test_top.env.agt.mon [MON_READ] Captured: [READ] AW[A:'hxxxxxxxx P:'bxxx V:x R:x] W[D:'hxxxxxxxx S:'bxxxx V:x R:x] B[Rsp:'bxx V:x R:x] | AR[A:'h8 P:'b0 V:x R:x] R[D:'h3100e5 Rsp:'b0 V:x R:x] 
UVM_INFO axi4_lite_scoreboard.sv(77) @ 1785000: uvm_test_top.env.scb [SCB_PASS] Data Match at Addr: 00000008 | Data: 003100e5
UVM_INFO axi4_lite_monitor.sv(130) @ 1815000: uvm_test_top.env.agt.mon [MON_READ] Captured: [READ] AW[A:'hxxxxxxxx P:'bxxx V:x R:x] W[D:'hxxxxxxxx S:'bxxxx V:x R:x] B[Rsp:'bxx V:x R:x] | AR[A:'h18 P:'b1 V:x R:x] R[D:'hd100b600 Rsp:'b0 V:x R:x] 
UVM_INFO axi4_lite_scoreboard.sv(77) @ 1815000: uvm_test_top.env.scb [SCB_PASS] Data Match at Addr: 00000018 | Data: d100b600
UVM_INFO axi4_lite_monitor.sv(130) @ 1845000: uvm_test_top.env.agt.mon [MON_READ] Captured: [READ] AW[A:'hxxxxxxxx P:'bxxx V:x R:x] W[D:'hxxxxxxxx S:'bxxxx V:x R:x] B[Rsp:'bxx V:x R:x] | AR[A:'h8 P:'b1 V:x R:x] R[D:'h3100e5 Rsp:'b0 V:x R:x] 
UVM_INFO axi4_lite_scoreboard.sv(77) @ 1845000: uvm_test_top.env.scb [SCB_PASS] Data Match at Addr: 00000008 | Data: 003100e5
UVM_INFO axi4_lite_monitor.sv(130) @ 1875000: uvm_test_top.env.agt.mon [MON_READ] Captured: [READ] AW[A:'hxxxxxxxx P:'bxxx V:x R:x] W[D:'hxxxxxxxx S:'bxxxx V:x R:x] B[Rsp:'bxx V:x R:x] | AR[A:'h24 P:'b11 V:x R:x] R[D:'h8c323ad8 Rsp:'b0 V:x R:x] 
UVM_INFO axi4_lite_scoreboard.sv(77) @ 1875000: uvm_test_top.env.scb [SCB_PASS] Data Match at Addr: 00000024 | Data: 8c323ad8
UVM_INFO axi4_lite_monitor.sv(130) @ 1905000: uvm_test_top.env.agt.mon [MON_READ] Captured: [READ] AW[A:'hxxxxxxxx P:'bxxx V:x R:x] W[D:'hxxxxxxxx S:'bxxxx V:x R:x] B[Rsp:'bxx V:x R:x] | AR[A:'h20 P:'b0 V:x R:x] R[D:'ha8004300 Rsp:'b0 V:x R:x] 
UVM_INFO axi4_lite_scoreboard.sv(77) @ 1905000: uvm_test_top.env.scb [SCB_PASS] Data Match at Addr: 00000020 | Data: a8004300
UVM_INFO axi4_lite_sanity_vseq.sv(21) @ 1905000: uvm_test_top.env.vsqr@@vseq [VSEQ] Sanity Sequence Complete!
UVM_INFO /fetools/synopsys/installed_tools/vcs/vcs/Q-2020.03-SP2-8/etc/uvm/base/uvm_objection.svh(1274) @ 2005000: reporter [TEST_DONE] 'run' phase is ready to proceed to the 'extract' phase

--- UVM Report Summary ---

** Report counts by severity
UVM_INFO :   66
UVM_WARNING :    0
UVM_ERROR :    0
UVM_FATAL :    0
** Report counts by id
[BASE_TEST]     1
[MON_READ]    20
[MON_WRITE]    20
[RNTST]     1
[SCB_PASS]    19
[TEST_DONE]     1
[TOP]     1
[UVMTOP]     1
[VSEQ]     2
$finish called from file "/fetools/synopsys/installed_tools/vcs/vcs/Q-2020.03-SP2-8/etc/uvm/base/uvm_root.svh", line 437.
$finish at simulation time              2005000

---------------------------------------------------------------------------
VCS Coverage Metrics: during simulation line, cond, FSM, branch, tgl was monitored
---------------------------------------------------------------------------
           V C S   S i m u l a t i o n   R e p o r t 
Time: 2005000 ps
CPU Time:      0.640 seconds;       Data structure size:   0.6Mb
Tue Sep 15 12:35:12 2026
